// Jest Snapshot v1, https://goo.gl/fbAQLP

exports[`matches snapshot 1`] = `
<DocumentFragment>
  <div>
    <form>
      <label
        for="Width"
      >
        Width:
      </label>
      <input
        id="width"
        name="width"
        placeholder="Width in pixels"
        type="text"
        value=""
      />
      <label
        for="Height"
      >
        Height:
      </label>
      <input
        id="height"
        name="height"
        placeholder="Height in pixels"
        type="text"
        value=""
      />
      <label
        for="Color"
      >
        Color:
      </label>
      <input
        id="color"
        name="color"
        placeholder=""
        type="text"
        value=""
      />
      <button>
        Add Box
      </button>
    </form>
    <div />
  </div>
</DocumentFragment>
`;
